
> starter_helpi@0.1.0 test
> react-scripts test --coverage

  console.error
    Error: Not implemented: HTMLCanvasElement.prototype.getContext (without installing the canvas npm package)
        at module.exports (/home/runner/work/starter_helpi/starter_helpi/node_modules/jsdom/lib/jsdom/browser/not-implemented.js:9:17)
        at HTMLCanvasElementImpl.getContext (/home/runner/work/starter_helpi/starter_helpi/node_modules/jsdom/lib/jsdom/living/nodes/HTMLCanvasElement-impl.js:42:5)
        at HTMLCanvasElement.getContext (/home/runner/work/starter_helpi/starter_helpi/node_modules/jsdom/lib/jsdom/living/generated/HTMLCanvasElement.js:131:58)
        at /home/runner/work/starter_helpi/starter_helpi/src/components/homePageComp/waves/waveComponents/canvas.tsx:14:37
        at commitHookEffectListMount (/home/runner/work/starter_helpi/starter_helpi/node_modules/react-dom/cjs/react-dom.development.js:23150:26)
        at commitPassiveMountOnFiber (/home/runner/work/starter_helpi/starter_helpi/node_modules/react-dom/cjs/react-dom.development.js:24931:11)
        at commitPassiveMountEffects_complete (/home/runner/work/starter_helpi/starter_helpi/node_modules/react-dom/cjs/react-dom.development.js:24891:9)
        at commitPassiveMountEffects_begin (/home/runner/work/starter_helpi/starter_helpi/node_modules/react-dom/cjs/react-dom.development.js:24878:7)
        at commitPassiveMountEffects (/home/runner/work/starter_helpi/starter_helpi/node_modules/react-dom/cjs/react-dom.development.js:24866:3)
        at flushPassiveEffectsImpl (/home/runner/work/starter_helpi/starter_helpi/node_modules/react-dom/cjs/react-dom.development.js:27039:3)
        at flushPassiveEffects (/home/runner/work/starter_helpi/starter_helpi/node_modules/react-dom/cjs/react-dom.development.js:26984:14)
        at /home/runner/work/starter_helpi/starter_helpi/node_modules/react-dom/cjs/react-dom.development.js:26769:9
        at flushActQueue (/home/runner/work/starter_helpi/starter_helpi/node_modules/react/cjs/react.development.js:2667:24)
        at act (/home/runner/work/starter_helpi/starter_helpi/node_modules/react/cjs/react.development.js:2582:11)
        at /home/runner/work/starter_helpi/starter_helpi/node_modules/@testing-library/react/dist/act-compat.js:63:25
        at renderRoot (/home/runner/work/starter_helpi/starter_helpi/node_modules/@testing-library/react/dist/pure.js:159:26)
        at render (/home/runner/work/starter_helpi/starter_helpi/node_modules/@testing-library/react/dist/pure.js:246:10)
        at Object.<anonymous> (/home/runner/work/starter_helpi/starter_helpi/src/App.test.tsx:6:9)
        at Promise.then.completed (/home/runner/work/starter_helpi/starter_helpi/node_modules/jest-circus/build/utils.js:391:28)
        at new Promise (<anonymous>)
        at callAsyncCircusFn (/home/runner/work/starter_helpi/starter_helpi/node_modules/jest-circus/build/utils.js:316:10)
        at _callCircusTest (/home/runner/work/starter_helpi/starter_helpi/node_modules/jest-circus/build/run.js:218:40)
        at processTicksAndRejections (node:internal/process/task_queues:96:5)
        at _runTest (/home/runner/work/starter_helpi/starter_helpi/node_modules/jest-circus/build/run.js:155:3)
        at _runTestsForDescribeBlock (/home/runner/work/starter_helpi/starter_helpi/node_modules/jest-circus/build/run.js:66:9)
        at run (/home/runner/work/starter_helpi/starter_helpi/node_modules/jest-circus/build/run.js:25:3)
        at runAndTransformResultsToJestFormat (/home/runner/work/starter_helpi/starter_helpi/node_modules/jest-circus/build/legacy-code-todo-rewrite/jestAdapterInit.js:170:21)
        at jestAdapter (/home/runner/work/starter_helpi/starter_helpi/node_modules/jest-circus/build/legacy-code-todo-rewrite/jestAdapter.js:82:19)
        at runTestInternal (/home/runner/work/starter_helpi/starter_helpi/node_modules/jest-runner/build/runTest.js:389:16)
        at runTest (/home/runner/work/starter_helpi/starter_helpi/node_modules/jest-runner/build/runTest.js:475:34)
        at TestRunner.runTests (/home/runner/work/starter_helpi/starter_helpi/node_modules/jest-runner/build/index.js:101:12)
        at TestScheduler.scheduleTests (/home/runner/work/starter_helpi/starter_helpi/node_modules/@jest/core/build/TestScheduler.js:333:13)
        at runJest (/home/runner/work/starter_helpi/starter_helpi/node_modules/@jest/core/build/runJest.js:404:19)
        at _run10000 (/home/runner/work/starter_helpi/starter_helpi/node_modules/@jest/core/build/cli/index.js:320:7)
        at runCLI (/home/runner/work/starter_helpi/starter_helpi/node_modules/@jest/core/build/cli/index.js:173:3)
        at Object.run (/home/runner/work/starter_helpi/starter_helpi/node_modules/jest-cli/build/cli/index.js:155:37) undefined

      12 |
      13 |   useEffect(() => {
    > 14 |     const ctx = canvasRef?.current?.getContext('2d')
         |                                     ^
      15 |     if (ctx) setContext(ctx)
      16 |   }, [])
      17 |

      at VirtualConsole.<anonymous> (node_modules/jsdom/lib/jsdom/virtual-console.js:29:45)
      at module.exports (node_modules/jsdom/lib/jsdom/browser/not-implemented.js:12:26)
      at HTMLCanvasElementImpl.getContext (node_modules/jsdom/lib/jsdom/living/nodes/HTMLCanvasElement-impl.js:42:5)
      at HTMLCanvasElement.getContext (node_modules/jsdom/lib/jsdom/living/generated/HTMLCanvasElement.js:131:58)
      at src/components/homePageComp/waves/waveComponents/canvas.tsx:14:37
      at commitHookEffectListMount (node_modules/react-dom/cjs/react-dom.development.js:23150:26)
      at commitPassiveMountOnFiber (node_modules/react-dom/cjs/react-dom.development.js:24931:11)
      at commitPassiveMountEffects_complete (node_modules/react-dom/cjs/react-dom.development.js:24891:9)
      at commitPassiveMountEffects_begin (node_modules/react-dom/cjs/react-dom.development.js:24878:7)
      at commitPassiveMountEffects (node_modules/react-dom/cjs/react-dom.development.js:24866:3)
      at flushPassiveEffectsImpl (node_modules/react-dom/cjs/react-dom.development.js:27039:3)
      at flushPassiveEffects (node_modules/react-dom/cjs/react-dom.development.js:26984:14)
      at node_modules/react-dom/cjs/react-dom.development.js:26769:9
      at flushActQueue (node_modules/react/cjs/react.development.js:2667:24)
      at act (node_modules/react/cjs/react.development.js:2582:11)
      at node_modules/@testing-library/react/dist/act-compat.js:63:25
      at renderRoot (node_modules/@testing-library/react/dist/pure.js:159:26)
      at render (node_modules/@testing-library/react/dist/pure.js:246:10)
      at Object.<anonymous> (src/App.test.tsx:6:9)
      at TestScheduler.scheduleTests (node_modules/@jest/core/build/TestScheduler.js:333:13)
      at runJest (node_modules/@jest/core/build/runJest.js:404:19)
      at _run10000 (node_modules/@jest/core/build/cli/index.js:320:7)
      at runCLI (node_modules/@jest/core/build/cli/index.js:173:3)

FAIL src/App.test.tsx
  ✕ renders learn react link (77 ms)

  ● renders learn react link

    TestingLibraryElementError: Unable to find an element with the text: /learn react/i. This could be because the text is broken up by multiple elements. In this case, you can provide a function for your text matcher to make your matcher more flexible.

    Ignored nodes: comments, script, style
    [36m<body[39m
      [33mstyle[39m=[32m"background-color: rgba(173, 216, 230, 0.88);"[39m
    [36m>[39m
      [36m<div>[39m
        [36m<div[39m
          [33mclass[39m=[32m"App"[39m
          [33mstyle[39m=[32m"background-color: rgb(246, 215, 176); min-height: 100vh; color: rgb(255, 255, 255);"[39m
        [36m>[39m
          [36m<div[39m
            [33mclass[39m=[32m"ShorePath"[39m
          [36m>[39m
            [0mShorePath[0m
          [36m</div>[39m
          [36m<div[39m
            [33mclass[39m=[32m"container"[39m
          [36m>[39m
            [36m<nav[39m
              [33mstyle[39m=[32m"padding: 5px;"[39m
            [36m>[39m
              [36m<ul[39m
                [33mstyle[39m=[32m"list-style-type: none; margin: 0px; padding: 0px; display: flex; justify-content: center;"[39m
              [36m>[39m
                [36m<li[39m
                  [33mclass[39m=[32m"active"[39m
                [36m>[39m
                  [36m<button>[39m
                    [0mHome[0m
                  [36m</button>[39m
                [36m</li>[39m
                [36m<li[39m
                  [33mclass[39m=[32m"default"[39m
                [36m>[39m
                  [36m<button>[39m
                    [0mBasic[0m
                  [36m</button>[39m
                [36m</li>[39m
                [36m<li[39m
                  [33mclass[39m=[32m"default"[39m
                [36m>[39m
                  [36m<button>[39m
                    [0mDetailed[0m
                  [36m</button>[39m
                [36m</li>[39m
                [36m<li[39m
                  [33mclass[39m=[32m"default"[39m
                [36m>[39m
                  [36m<button>[39m
                    [0mContact[0m
                  [36m</button>[39m
                [36m</li>[39m
              [36m</ul>[39m
            [36m</nav>[39m
          [36m</div>[39m
          [36m<div>[39m
            [36m<img[39m
              [33malt[39m=[32m"Starfish"[39m
              [33mclass[39m=[32m"starfish"[39m
              [33msrc[39m=[32m"starfish.png"[39m
            [36m/>[39m
            [36m<img[39m
              [33malt[39m=[32m"Shell"[39m
              [33mclass[39m=[32m"shell"[39m
              [33msrc[39m=[32m"shell.png"[39m
            [36m/>[39m
            [36m<div[39m
              [33mclass[39m=[32m"bigBox"[39m
            [36m>[39m
              [36m<h1>[39m
                [0mShorePath[0m
              [36m</h1>[39m
              [36m<h2>[39m
                [0mIn the ocean of opportunities find which career suits you best[0m
              [36m</h2>[39m
              [36m<div[39m
                [33mclass[39m=[32m"container"[39m
              [36m>[39m
                [36m<div[39m
                  [33mclass[39m=[32m"box"[39m
                [36m>[39m
                  [36m<h2[39m
                    [33mstyle[39m=[32m"color: rgb(44, 111, 187);"[39m
                  [36m>[39m
                    [0mBasic Quiz[0m
                  [36m</h2>[39m
                  [36m<p[39m
                    [33mstyle[39m=[32m"color: rgb(44, 111, 187);"[39m
                  [36m>[39m
                    [0mThe Basic Quiz is a short questionaire designed to gauge your knowledge with simple questions. With immediate feedback, you will know which career is right for you in a matter of a few minutes![0m
                    [0m [0m
                  [36m</p>[39m
                  [36m<button[39m
                    [33mclass[39m=[32m"rounded-button blue-gradient"[39m
                  [36m>[39m
                    [0m Start Basic Quiz[0m
                  [36m</button>[39m
                [36m</div>[39m
                [36m<div[39m
                  [33mclass[39m=[32m"box"[39m
                [36m>[39m
                  [36m<h2[39m
                    [33mstyle[39m=[32m"color: rgb(44, 111, 187);"[39m
                  [36m>[39m
                    [0mDetailed Quiz[0m
                  [36m</h2>[39m
                  [36m<p[39m
                    [33mstyle[39m=[32m"color: rgb(44, 111, 187);"[39m
                  [36m>[39m
                    [0mThe Detailed Quiz is a longer assessment consisting of more questions with more detailed choices. It will give you a more accurate and detailed assesment of what carreer you should choose.[0m
                  [36m</p>[39m
                  [36m<button[39m
                    [33mclass[39m=[32m"rounded-button blue-gradient"[39m
                  [36m>[39m
                    [0m Start Detailed Quiz[0m
                  [36m</button>[39m
                [36m</div>[39m
              [36m</div>[39m
            [36m</div>[39m
          [36m</div>[39m
          [36m<img[39m
            [33malt[39m=[32m"ShorePath Logo"[39m
            [33mclass[39m=[32m"logo"[39m
            [33msrc[39m=[32m"shorepathlogo.png"[39m
          [36m/>[39m
          [36m<div[39m
            [33mclass[39m=[32m"footer"[39m
          [36m>[39m
            [36m<div>[39m
              [36m<form[39m
                [33mclass[39m=[32m""[39m
              [36m>[39m
                [36m<label[39m
                  [33mclass[39m=[32m"form-label"[39m
                  [33mid[39m=[32m"api"[39m
                [36m>[39m
                  [0mAPI Key:[0m
                [36m</label>[39m
                [36m<input[39m
                  [33mclass[39m=[32m"form-control"[39m
                  [33mid[39m=[32m"input"[39m
                  [33mplaceholder[39m=[32m"Insert API Key Here"[39m
                  [33mstyle[39m=[32m"border-radius: 20px; width: 250px; height: 25px; padding: 5px;"[39m
                  [33mtype[39m=[32m"password"[39m
                [36m/>[39m
                [36m<button[39m
                  [33mclass[39m=[32m"Submit-Button btn btn-primary"[39m
                  [33mtype[39m=[32m"button"[39m
                [36m>[39m
                  [0mSubmit[0m
                [36m</button>[39m
              [36m</form>[39m
            [36m</div>[39m
          [36m</div>[39m
          [36m<div[39m
            [33mid[39m=[32m"waves"[39m
          [36m>[39m
            [36m<canvas[39m
              [33mheight[39m=[32m"768"[39m
              [33mid[39m=[32m"canvas"[39m
              [33mwidth[39m=[32m"1024"[39m
            [36m/>[39m
          [36m</div>[39m
        [36m</div>[39m
      [36m</div>[39m
    [36m</body>[39m

       5 | test('renders learn react link', () => {
       6 |   render(<App />);
    >  7 |   const linkElement = screen.getByText(/learn react/i);
         |                              ^
       8 |   expect(linkElement).toBeInTheDocument();
       9 | });
      10 |

      at Object.getElementError (node_modules/@testing-library/react/node_modules/@testing-library/dom/dist/config.js:37:19)
      at node_modules/@testing-library/react/node_modules/@testing-library/dom/dist/query-helpers.js:76:38
      at node_modules/@testing-library/react/node_modules/@testing-library/dom/dist/query-helpers.js:52:17
      at getByText (node_modules/@testing-library/react/node_modules/@testing-library/dom/dist/query-helpers.js:95:19)
      at Object.<anonymous> (src/App.test.tsx:7:30)
      at TestScheduler.scheduleTests (node_modules/@jest/core/build/TestScheduler.js:333:13)
      at runJest (node_modules/@jest/core/build/runJest.js:404:19)
      at _run10000 (node_modules/@jest/core/build/cli/index.js:320:7)
      at runCLI (node_modules/@jest/core/build/cli/index.js:173:3)

[0;33mOne of your dependencies, babel-preset-react-app, is importing the
"@babel/plugin-proposal-private-property-in-object" package without
declaring it in its dependencies. This is currently working because
"@babel/plugin-proposal-private-property-in-object" is already in your
node_modules folder for unrelated reasons, but it [1mmay break at any time[0;33m.

babel-preset-react-app is part of the create-react-app project, [1mwhich
is not maintianed anymore[0;33m. It is thus unlikely that this bug will
ever be fixed. Add "@babel/plugin-proposal-private-property-in-object" to
your devDependencies to work around this error. This will make this message
go away.[0m
  
--------------------------------------------------|---------|----------|---------|---------|-------------------
File                                              | % Stmts | % Branch | % Funcs | % Lines | Uncovered Line #s 
--------------------------------------------------|---------|----------|---------|---------|-------------------
All files                                         |   27.42 |    10.28 |   22.66 |   28.27 |                   
 src                                              |   36.66 |    27.27 |   28.57 |   36.66 |                   
  App.tsx                                         |   57.89 |    42.85 |      40 |   57.89 | 17,25-36,42-46    
  index.tsx                                       |       0 |      100 |     100 |       0 | 7-19              
  reportWebVitals.ts                              |       0 |        0 |       0 |       0 | 3-10              
 src/components/apiFiles                          |       0 |      100 |       0 |       0 |                   
  Chat.tsx                                        |       0 |        0 |       0 |       0 |                   
  api.tsx                                         |       0 |      100 |       0 |       0 | 4-60              
 src/components/homePageComp/navigation-bar       |    37.5 |       50 |   16.66 |    37.5 |                   
  navigationBar.tsx                               |    37.5 |       50 |   16.66 |    37.5 | 12,20-29          
 src/components/homePageComp/waves/entity         |   16.66 |        0 |   33.33 |   17.64 |                   
  WaveEntity.ts                                   |   16.66 |        0 |   33.33 |   17.64 | 11,20-35          
 src/components/homePageComp/waves/hooks          |     100 |      100 |     100 |     100 |                   
  useCanvas.ts                                    |     100 |      100 |     100 |     100 |                   
  useColor.ts                                     |     100 |      100 |     100 |     100 |                   
  useResponsiveSize.ts                            |     100 |      100 |     100 |     100 |                   
 src/components/homePageComp/waves/waveComponents |   61.29 |    33.33 |      60 |   65.51 |                   
  canvas.tsx                                      |   88.88 |       50 |     100 |     100 | 15                
  wave.tsx                                        |      50 |       25 |   33.33 |   52.38 | 21-32             
 src/components/progress-bar                      |   33.33 |        0 |       0 |   33.33 |                   
  progressBar.tsx                                 |   33.33 |        0 |       0 |   33.33 | 10-12             
 src/pages                                        |   13.52 |     2.53 |     7.5 |   13.77 |                   
  BasicQuestions.tsx                              |   12.12 |     2.77 |   11.11 |    12.3 | 45,51-193         
  BasicResults.tsx                                |      50 |      100 |       0 |      50 | 15                
  BasicSuggestions.tsx                            |   11.76 |        0 |       0 |   11.76 | 8-32,40-48        
  Contact.tsx                                     |      50 |      100 |       0 |      50 | 11                
  DetailedQuestions.tsx                           |   12.28 |     2.56 |    8.33 |   12.72 | 50-180            
  DetailedResults.tsx                             |      50 |      100 |       0 |      50 | 11                
  DetailedSuggestions.tsx                         |       0 |        0 |       0 |       0 | 7-48              
  Home.tsx                                        |      50 |      100 |   33.33 |      50 | 26-35             
  Loading.tsx                                     |   33.33 |      100 |       0 |   33.33 | 7-8               
--------------------------------------------------|---------|----------|---------|---------|-------------------
Test Suites: 1 failed, 1 total
Tests:       1 failed, 1 total
Snapshots:   0 total
Time:        3.678 s
Ran all test suites.
